==== UI_key_mapping_definitions 
---- It should be defined properly. 
....

==== UI_key_mappings_in_Normal_mode 
---- It should move the cursor properly if &selection ==# 'inclusive'. 
........
---- It should move the cursor properly if &selection ==# 'exclusive'. 
........

==== UI_key_mappings_in_Operator_pending_mode 
---- It should move the cursor properly if &selection ==# 'inclusive'. 
........
---- It should move the cursor properly if &selection ==# 'exclusive'. 
........

==== UI_key_mappings_in_Visual_mode 
---- It should move the cursor properly if &selection ==# 'inclusive'. 
........
---- It should move the cursor properly if &selection ==# 'exclusive'. 
........



**** Result ****


52 examples, 0 failures
